Archive member included to satisfy reference by file (symbol)

C:/ST/STM32CubeIDE_1.16.1/STM32CubeIDE/plugins/com.st.stm32cube.ide.mcu.externaltools.gnu-tools-for-stm32.12.3.rel1.win32_1.0.200.202406191623/tools/bin/../lib/gcc/arm-none-eabi/12.3.1/../../../../arm-none-eabi/lib/thumb/v7e-m+dp/hard\libc_nano.a(libc_a-exit.o)
                              C:/ST/STM32CubeIDE_1.16.1/STM32CubeIDE/plugins/com.st.stm32cube.ide.mcu.externaltools.gnu-tools-for-stm32.12.3.rel1.win32_1.0.200.202406191623/tools/bin/../lib/gcc/arm-none-eabi/12.3.1/../../../../arm-none-eabi/lib/thumb/v7e-m+dp/hard/crt0.o (exit)
C:/ST/STM32CubeIDE_1.16.1/STM32CubeIDE/plugins/com.st.stm32cube.ide.mcu.externaltools.gnu-tools-for-stm32.12.3.rel1.win32_1.0.200.202406191623/tools/bin/../lib/gcc/arm-none-eabi/12.3.1/../../../../arm-none-eabi/lib/thumb/v7e-m+dp/hard\libc_nano.a(libc_a-findfp.o)
                              C:/ST/STM32CubeIDE_1.16.1/STM32CubeIDE/plugins/com.st.stm32cube.ide.mcu.externaltools.gnu-tools-for-stm32.12.3.rel1.win32_1.0.200.202406191623/tools/bin/../lib/gcc/arm-none-eabi/12.3.1/../../../../arm-none-eabi/lib/thumb/v7e-m+dp/hard\libc_nano.a(libc_a-exit.o) (__stdio_exit_handler)
C:/ST/STM32CubeIDE_1.16.1/STM32CubeIDE/plugins/com.st.stm32cube.ide.mcu.externaltools.gnu-tools-for-stm32.12.3.rel1.win32_1.0.200.202406191623/tools/bin/../lib/gcc/arm-none-eabi/12.3.1/../../../../arm-none-eabi/lib/thumb/v7e-m+dp/hard\libc_nano.a(libc_a-fwalk.o)
                              C:/ST/STM32CubeIDE_1.16.1/STM32CubeIDE/plugins/com.st.stm32cube.ide.mcu.externaltools.gnu-tools-for-stm32.12.3.rel1.win32_1.0.200.202406191623/tools/bin/../lib/gcc/arm-none-eabi/12.3.1/../../../../arm-none-eabi/lib/thumb/v7e-m+dp/hard\libc_nano.a(libc_a-findfp.o) (_fwalk_sglue)
C:/ST/STM32CubeIDE_1.16.1/STM32CubeIDE/plugins/com.st.stm32cube.ide.mcu.externaltools.gnu-tools-for-stm32.12.3.rel1.win32_1.0.200.202406191623/tools/bin/../lib/gcc/arm-none-eabi/12.3.1/../../../../arm-none-eabi/lib/thumb/v7e-m+dp/hard\libc_nano.a(libc_a-stdio.o)
                              C:/ST/STM32CubeIDE_1.16.1/STM32CubeIDE/plugins/com.st.stm32cube.ide.mcu.externaltools.gnu-tools-for-stm32.12.3.rel1.win32_1.0.200.202406191623/tools/bin/../lib/gcc/arm-none-eabi/12.3.1/../../../../arm-none-eabi/lib/thumb/v7e-m+dp/hard\libc_nano.a(libc_a-findfp.o) (__sread)
C:/ST/STM32CubeIDE_1.16.1/STM32CubeIDE/plugins/com.st.stm32cube.ide.mcu.externaltools.gnu-tools-for-stm32.12.3.rel1.win32_1.0.200.202406191623/tools/bin/../lib/gcc/arm-none-eabi/12.3.1/../../../../arm-none-eabi/lib/thumb/v7e-m+dp/hard\libc_nano.a(libc_a-memset.o)
                              C:/ST/STM32CubeIDE_1.16.1/STM32CubeIDE/plugins/com.st.stm32cube.ide.mcu.externaltools.gnu-tools-for-stm32.12.3.rel1.win32_1.0.200.202406191623/tools/bin/../lib/gcc/arm-none-eabi/12.3.1/../../../../arm-none-eabi/lib/thumb/v7e-m+dp/hard/crt0.o (memset)
C:/ST/STM32CubeIDE_1.16.1/STM32CubeIDE/plugins/com.st.stm32cube.ide.mcu.externaltools.gnu-tools-for-stm32.12.3.rel1.win32_1.0.200.202406191623/tools/bin/../lib/gcc/arm-none-eabi/12.3.1/../../../../arm-none-eabi/lib/thumb/v7e-m+dp/hard\libc_nano.a(libc_a-closer.o)
                              C:/ST/STM32CubeIDE_1.16.1/STM32CubeIDE/plugins/com.st.stm32cube.ide.mcu.externaltools.gnu-tools-for-stm32.12.3.rel1.win32_1.0.200.202406191623/tools/bin/../lib/gcc/arm-none-eabi/12.3.1/../../../../arm-none-eabi/lib/thumb/v7e-m+dp/hard\libc_nano.a(libc_a-stdio.o) (_close_r)
C:/ST/STM32CubeIDE_1.16.1/STM32CubeIDE/plugins/com.st.stm32cube.ide.mcu.externaltools.gnu-tools-for-stm32.12.3.rel1.win32_1.0.200.202406191623/tools/bin/../lib/gcc/arm-none-eabi/12.3.1/../../../../arm-none-eabi/lib/thumb/v7e-m+dp/hard\libc_nano.a(libc_a-reent.o)
                              C:/ST/STM32CubeIDE_1.16.1/STM32CubeIDE/plugins/com.st.stm32cube.ide.mcu.externaltools.gnu-tools-for-stm32.12.3.rel1.win32_1.0.200.202406191623/tools/bin/../lib/gcc/arm-none-eabi/12.3.1/../../../../arm-none-eabi/lib/thumb/v7e-m+dp/hard\libc_nano.a(libc_a-closer.o) (errno)
C:/ST/STM32CubeIDE_1.16.1/STM32CubeIDE/plugins/com.st.stm32cube.ide.mcu.externaltools.gnu-tools-for-stm32.12.3.rel1.win32_1.0.200.202406191623/tools/bin/../lib/gcc/arm-none-eabi/12.3.1/../../../../arm-none-eabi/lib/thumb/v7e-m+dp/hard\libc_nano.a(libc_a-impure.o)
                              C:/ST/STM32CubeIDE_1.16.1/STM32CubeIDE/plugins/com.st.stm32cube.ide.mcu.externaltools.gnu-tools-for-stm32.12.3.rel1.win32_1.0.200.202406191623/tools/bin/../lib/gcc/arm-none-eabi/12.3.1/../../../../arm-none-eabi/lib/thumb/v7e-m+dp/hard\libc_nano.a(libc_a-reent.o) (_impure_ptr)
C:/ST/STM32CubeIDE_1.16.1/STM32CubeIDE/plugins/com.st.stm32cube.ide.mcu.externaltools.gnu-tools-for-stm32.12.3.rel1.win32_1.0.200.202406191623/tools/bin/../lib/gcc/arm-none-eabi/12.3.1/../../../../arm-none-eabi/lib/thumb/v7e-m+dp/hard\libc_nano.a(libc_a-lseekr.o)
[...]
Memory Configuration

Name             Origin             Length             Attributes
ITCMRAM          0x00000000         0x00010000         xrw
DTCMRAM          0x20000000         0x00020000         xrw
FLASH            0x08000000         0x00100000         xr
RAM_D1           0x24000000         0x00050000         xrw
RAM_D2           0x30000000         0x00008000         xrw
RAM_D3           0x38000000         0x00004000         xrw
*default*        0x00000000         0xffffffff

Linker script and memory map

LOAD C:/ST/STM32CubeIDE_1.16.1/STM32CubeIDE/plugins/com.st.stm32cube.ide.mcu.externaltools.gnu-tools-for-stm32.12.3.rel1.win32_1.0.200.202406191623/tools/bin/../lib/gcc/arm-none-eabi/12.3.1/thumb/v7e-m+dp/hard/crti.o
LOAD C:/ST/STM32CubeIDE_1.16.1/STM32CubeIDE/plugins/com.st.stm32cube.ide.mcu.externaltools.gnu-tools-for-stm32.12.3.rel1.win32_1.0.200.202406191623/tools/bin/../lib/gcc/arm-none-eabi/12.3.1/thumb/v7e-m+dp/hard/crtbegin.o
LOAD C:/ST/STM32CubeIDE_1.16.1/STM32CubeIDE/plugins/com.st.stm32cube.ide.mcu.externaltools.gnu-tools-for-stm32.12.3.rel1.win32_1.0.200.202406191623/tools/bin/../lib/gcc/arm-none-eabi/12.3.1/../../../../arm-none-eabi/lib/thumb/v7e-m+dp/hard/crt0.o
LOAD ./Core/Src/Sensor_functions/Aero.o
LOAD ./Core/Src/Sensor_functions/BMS.o
LOAD ./Core/Src/Sensor_functions/Encoders.o
LOAD ./Core/Src/Sensor_functions/Potentiometers.o
LOAD ./Core/Src/Sensor_functions/Temperature.o
LOAD ./Core/Src/communication/Raspi.o
LOAD ./Core/Src/communication/debug.o
LOAD ./Core/Src/driver_files/ADC_driver.o
LOAD ./Core/Src/driver_files/can_driver.o
LOAD ./Core/Src/driver_files/comm_driver.o
LOAD ./Core/Src/main.o
LOAD ./Core/Src/stm32h7xx_hal_msp.o
LOAD ./Core/Src/stm32h7xx_it.o
LOAD ./Core/Src/syscalls.o
LOAD ./Core/Src/sysmem.o
LOAD ./Core/Src/system_stm32h7xx.o
LOAD ./Core/Startup/startup_stm32h723vgtx.o
LOAD ./Drivers/STM32H7xx_HAL_Driver/Src/stm32h7xx_hal.o
LOAD ./Drivers/STM32H7xx_HAL_Driver/Src/stm32h7xx_hal_adc.o
LOAD ./Drivers/STM32H7xx_HAL_Driver/Src/stm32h7xx_hal_adc_ex.o
LOAD ./Drivers/STM32H7xx_HAL_Driver/Src/stm32h7xx_hal_cortex.o
LOAD ./Drivers/STM32H7xx_HAL_Driver/Src/stm32h7xx_hal_dma.o
LOAD ./Drivers/STM32H7xx_HAL_Driver/Src/stm32h7xx_hal_dma_ex.o
LOAD ./Drivers/STM32H7xx_HAL_Driver/Src/stm32h7xx_hal_exti.o
LOAD ./Drivers/STM32H7xx_HAL_Driver/Src/stm32h7xx_hal_flash.o
LOAD ./Drivers/STM32H7xx_HAL_Driver/Src/stm32h7xx_hal_flash_ex.o
LOAD ./Drivers/STM32H7xx_HAL_Driver/Src/stm32h7xx_hal_gpio.o
LOAD ./Drivers/STM32H7xx_HAL_Driver/Src/stm32h7xx_hal_hsem.o
LOAD ./Drivers/STM32H7xx_HAL_Driver/Src/stm32h7xx_hal_i2c.o
LOAD ./Drivers/STM32H7xx_HAL_Driver/Src/stm32h7xx_hal_i2c_ex.o
LOAD ./Drivers/STM32H7xx_HAL_Driver/Src/stm32h7xx_hal_mdma.o
LOAD ./Drivers/STM32H7xx_HAL_Driver/Src/stm32h7xx_hal_pwr.o
LOAD ./Drivers/STM32H7xx_HAL_Driver/Src/stm32h7xx_hal_pwr_ex.o
LOAD ./Drivers/STM32H7xx_HAL_Driver/Src/stm32h7xx_hal_rcc.o
LOAD ./Drivers/STM32H7xx_HAL_Driver/Src/stm32h7xx_hal_rcc_ex.o
LOAD ./Drivers/STM32H7xx_HAL_Driver/Src/stm32h7xx_hal_spi.o
LOAD ./Drivers/STM32H7xx_HAL_Driver/Src/stm32h7xx_hal_spi_ex.o
LOAD ./Drivers/STM32H7xx_HAL_Driver/Src/stm32h7xx_hal_tim.o
LOAD ./Drivers/STM32H7xx_HAL_Driver/Src/stm32h7xx_hal_tim_ex.o
START GROUP
LOAD C:/ST/STM32CubeIDE_1.16.1/STM32CubeIDE/plugins/com.st.stm32cube.ide.mcu.externaltools.gnu-tools-for-stm32.12.3.rel1.win32_1.0.200.202406191623/tools/bin/../lib/gcc/arm-none-eabi/12.3.1/../../../../arm-none-eabi/lib/thumb/v7e-m+dp/hard\libc_nano.a
LOAD C:/ST/STM32CubeIDE_1.16.1/STM32CubeIDE/plugins/com.st.stm32cube.ide.mcu.externaltools.gnu-tools-for-stm32.12.3.rel1.win32_1.0.200.202406191623/tools/bin/../lib/gcc/arm-none-eabi/12.3.1/../../../../arm-none-eabi/lib/thumb/v7e-m+dp/hard\libm.a
END GROUP
START GROUP
LOAD C:/ST/STM32CubeIDE_1.16.1/STM32CubeIDE/plugins/com.st.stm32cube.ide.mcu.externaltools.gnu-tools-for-stm32.12.3.rel1.win32_1.0.200.202406191623/tools/bin/../lib/gcc/arm-none-eabi/12.3.1/thumb/v7e-m+dp/hard\libgcc.a
LOAD C:/ST/STM32CubeIDE_1.16.1/STM32CubeIDE/plugins/com.st.stm32cube.ide.mcu.externaltools.gnu-tools-for-stm32.12.3.rel1.win32_1.0.200.202406191623/tools/bin/../lib/gcc/arm-none-eabi/12.3.1/../../../../arm-none-eabi/lib/thumb/v7e-m+dp/hard\libc_nano.a
END GROUP
START GROUP
LOAD C:/ST/STM32CubeIDE_1.16.1/STM32CubeIDE/plugins/com.st.stm32cube.ide.mcu.externaltools.gnu-tools-for-stm32.12.3.rel1.win32_1.0.200.202406191623/tools/bin/../lib/gcc/arm-none-eabi/12.3.1/thumb/v7e-m+dp/hard\libgcc.a
LOAD C:/ST/STM32CubeIDE_1.16.1/STM32CubeIDE/plugins/com.st.stm32cube.ide.mcu.externaltools.gnu-tools-for-stm32.12.3.rel1.win32_1.0.200.202406191623/tools/bin/../lib/gcc/arm-none-eabi/12.3.1/../../../../arm-none-eabi/lib/thumb/v7e-m+dp/hard\libc_nano.a
LOAD C:/ST/STM32CubeIDE_1.16.1/STM32CubeIDE/plugins/com.st.stm32cube.ide.mcu.externaltools.gnu-tools-for-stm32.12.3.rel1.win32_1.0.200.202406191623/tools/bin/../lib/gcc/arm-none-eabi/12.3.1/../../../../arm-none-eabi/lib/thumb/v7e-m+dp/hard\libnosys.a
END GROUP
START GROUP
LOAD C:/ST/STM32CubeIDE_1.16.1/STM32CubeIDE/plugins/com.st.stm32cube.ide.mcu.externaltools.gnu-tools-for-stm32.12.3.rel1.win32_1.0.200.202406191623/tools/bin/../lib/gcc/arm-none-eabi/12.3.1/thumb/v7e-m+dp/hard\libgcc.a
LOAD C:/ST/STM32CubeIDE_1.16.1/STM32CubeIDE/plugins/com.st.stm32cube.ide.mcu.externaltools.gnu-tools-for-stm32.12.3.rel1.win32_1.0.200.202406191623/tools/bin/../lib/gcc/arm-none-eabi/12.3.1/../../../../arm-none-eabi/lib/thumb/v7e-m+dp/hard\libc_nano.a
LOAD C:/ST/STM32CubeIDE_1.16.1/STM32CubeIDE/plugins/com.st.stm32cube.ide.mcu.externaltools.gnu-tools-for-stm32.12.3.rel1.win32_1.0.200.202406191623/tools/bin/../lib/gcc/arm-none-eabi/12.3.1/../../../../arm-none-eabi/lib/thumb/v7e-m+dp/hard\libnosys.a
END GROUP
LOAD C:/ST/STM32CubeIDE_1.16.1/STM32CubeIDE/plugins/com.st.stm32cube.ide.mcu.externaltools.gnu-tools-for-stm32.12.3.rel1.win32_1.0.200.202406191623/tools/bin/../lib/gcc/arm-none-eabi/12.3.1/thumb/v7e-m+dp/hard/crtend.o
LOAD C:/ST/STM32CubeIDE_1.16.1/STM32CubeIDE/plugins/com.st.stm32cube.ide.mcu.externaltools.gnu-tools-for-stm32.12.3.rel1.win32_1.0.200.202406191623/tools/bin/../lib/gcc/arm-none-eabi/12.3.1/thumb/v7e-m+dp/hard/crtn.o
                0x24050000                        _estack = (ORIGIN (RAM_D1) + LENGTH (RAM_D1))
                0x00000200                        _Min_Heap_Size = 0x200
                0x00000400                        _Min_Stack_Size = 0x400

.isr_vector     0x08000000      0x2cc
                0x08000000                        . = ALIGN (0x4)
 *(.isr_vector)
 .isr_vector    0x08000000      0x2cc ./Core/Startup/startup_stm32h723vgtx.o
                0x08000000                g_pfnVectors
                0x080002cc                        . = ALIGN (0x4)

.text           0x080002cc     0xa350
                0x080002cc                        . = ALIGN (0x4)
 *(.text)
 .text          0x080002cc       0x40 C:/ST/STM32CubeIDE_1.16.1/STM32CubeIDE/plugins/com.st.stm32cube.ide.mcu.externaltools.gnu-tools-for-stm32.12.3.rel1.win32_1.0.200.202406191623/tools/bin/../lib/gcc/arm-none-eabi/12.3.1/thumb/v7e-m+dp/hard/crtbegin.o
 *(.text*)
 .text.Convert_ADC_Values
                0x0800030c       0x74 ./Core/Src/driver_files/ADC_driver.o
                0x0800030c                Convert_ADC_Values
 .text.HAL_ADC_ConvCpltCallback
                0x08000380       0x68 ./Core/Src/driver_files/ADC_driver.o
                0x08000380                HAL_ADC_ConvCpltCallback
 .text.SPI_CS_Enable
                0x080003e8       0x18 ./Core/Src/driver_files/comm_driver.o
                0x080003e8                SPI_CS_Enable
 .text.SPI_CS_Disable
                0x08000400       0x18 ./Core/Src/driver_files/comm_driver.o
                0x08000400                SPI_CS_Disable
 .text.Process_SPI_Queue
                0x08000418      0x118 ./Core/Src/driver_files/comm_driver.o
                0x08000418                Process_SPI_Queue
 .text.HAL_SPI_TxCpltCallback
                0x08000530       0x24 ./Core/Src/driver_files/comm_driver.o
                0x08000530                HAL_SPI_TxCpltCallback
 .text.HAL_SPI_ErrorCallback
                0x08000554       0x30 ./Core/Src/driver_files/comm_driver.o
                0x08000554                HAL_SPI_ErrorCallback
 .text.main     0x08000584       0x70 ./Core/Src/main.o
                0x08000584                main
 .text.SystemClock_Config
                0x080005f4       0xe0 ./Core/Src/main.o
                0x080005f4                SystemClock_Config
 .text.MX_ADC1_Init
                0x080006d4      0x174 ./Core/Src/main.o
 .text.MX_SPI1_Init
                0x08000848       0xac ./Core/Src/main.o
 .text.MX_DMA_Init
                0x080008f4       0x50 ./Core/Src/main.o
 .text.MX_GPIO_Init
                0x08000944       0xe4 ./Core/Src/main.o
 .text.MPU_Config
                0x08000a28       0x58 ./Core/Src/main.o
 .text.Error_Handler
                0x08000a80        0xc ./Core/Src/main.o
                0x08000a80                Error_Handler
 .text.HAL_MspInit
                0x08000a8c       0x34 ./Core/Src/stm32h7xx_hal_msp.o
                0x08000a8c                HAL_MspInit
 .text.HAL_ADC_MspInit
                0x08000ac0      0x1e0 ./Core/Src/stm32h7xx_hal_msp.o
                0x08000ac0                HAL_ADC_MspInit
 .text.HAL_SPI_MspInit
                0x08000ca0      0x1dc ./Core/Src/stm32h7xx_hal_msp.o
                0x08000ca0                HAL_SPI_MspInit
 .text.NMI_Handler
                0x08000e7c        0x8 ./Core/Src/stm32h7xx_it.o
                0x08000e7c                NMI_Handler
 .text.HardFault_Handler
                0x08000e84        0x8 ./Core/Src/stm32h7xx_it.o
                0x08000e84                HardFault_Handler
 .text.MemManage_Handler
                0x08000e8c        0x8 ./Core/Src/stm32h7xx_it.o
                0x08000e8c                MemManage_Handler
 .text.BusFault_Handler
                0x08000e94        0x8 ./Core/Src/stm32h7xx_it.o
                0x08000e94                BusFault_Handler
 .text.UsageFault_Handler
                0x08000e9c        0x8 ./Core/Src/stm32h7xx_it.o
                0x08000e9c                UsageFault_Handler
 .text.SVC_Handler
                0x08000ea4        0xe ./Core/Src/stm32h7xx_it.o
                0x08000ea4                SVC_Handler
 .text.DebugMon_Handler
                0x08000eb2        0xe ./Core/Src/stm32h7xx_it.o
                0x08000eb2                DebugMon_Handler
 .text.PendSV_Handler
                0x08000ec0        0xe ./Core/Src/stm32h7xx_it.o
                0x08000ec0                PendSV_Handler
 .text.SysTick_Handler
                0x08000ece        0xc ./Core/Src/stm32h7xx_it.o
                0x08000ece                SysTick_Handler
 *fill*         0x08000eda        0x2 
 .text.DMA1_Stream1_IRQHandler
                0x08000edc       0x14 ./Core/Src/stm32h7xx_it.o
                0x08000edc                DMA1_Stream1_IRQHandler
 .text.DMA1_Stream2_IRQHandler
                0x08000ef0       0x14 ./Core/Src/stm32h7xx_it.o
                0x08000ef0                DMA1_Stream2_IRQHandler
 .text.ADC_IRQHandler
                0x08000f04       0x14 ./Core/Src/stm32h7xx_it.o
                0x08000f04                ADC_IRQHandler
 .text.SPI1_IRQHandler
                0x08000f18       0x14 ./Core/Src/stm32h7xx_it.o
                0x08000f18                SPI1_IRQHandler
 .text.SystemInit
                0x08000f2c       0xf0 ./Core/Src/system_stm32h7xx.o
                0x08000f2c                SystemInit
 .text.Reset_Handler
                0x0800101c       0x50 ./Core/Startup/startup_stm32h723vgtx.o
                0x0800101c                Reset_Handler
 .text.Default_Handler
                0x0800106c        0x2 ./Core/Startup/startup_stm32h723vgtx.o
                0x0800106c                RTC_Alarm_IRQHandler
                0x0800106c                EXTI2_IRQHandler
                0x0800106c                TIM8_CC_IRQHandler
                0x0800106c                UART8_IRQHandler
                0x0800106c                SPI4_IRQHandler
                0x0800106c                FDCAN3_IT0_IRQHandler
                0x0800106c                TIM1_CC_IRQHandler
                0x0800106c                BDMA_Channel6_IRQHandler
                0x0800106c                DMA2_Stream5_IRQHandler
                0x0800106c                DMA1_Stream5_IRQHandler
                0x0800106c                CORDIC_IRQHandler
                0x0800106c                BDMA_Channel1_IRQHandler
                0x0800106c                TAMP_STAMP_IRQHandler
                0x0800106c                EXTI3_IRQHandler
                0x0800106c                LPTIM4_IRQHandler
                0x0800106c                TIM8_TRG_COM_TIM14_IRQHandler
                0x0800106c                LPTIM2_IRQHandler
                0x0800106c                DFSDM1_FLT1_IRQHandler
                0x0800106c                DMAMUX2_OVR_IRQHandler
                0x0800106c                TIM8_UP_TIM13_IRQHandler
                0x0800106c                I2C3_ER_IRQHandler
                0x0800106c                DFSDM1_FLT2_IRQHandler
                0x0800106c                I2C5_EV_IRQHandler
                0x0800106c                USART10_IRQHandler
                0x0800106c                MDMA_IRQHandler
                0x0800106c                LPTIM3_IRQHandler
                0x0800106c                HSEM1_IRQHandler
                0x0800106c                EXTI0_IRQHandler
                0x0800106c                I2C2_EV_IRQHandler
                0x0800106c                FPU_IRQHandler
                0x0800106c                OTG_HS_WKUP_IRQHandler
                0x0800106c                FDCAN1_IT1_IRQHandler
                0x0800106c                LTDC_ER_IRQHandler
                0x0800106c                DMA2_Stream2_IRQHandler
                0x0800106c                OCTOSPI1_IRQHandler
                0x0800106c                TIM6_DAC_IRQHandler
                0x0800106c                DMA2_Stream3_IRQHandler
                0x0800106c                OCTOSPI2_IRQHandler
                0x0800106c                DFSDM1_FLT3_IRQHandler
                0x0800106c                TIM23_IRQHandler
                0x0800106c                USART6_IRQHandler
                0x0800106c                TIM17_IRQHandler
                0x0800106c                USART3_IRQHandler
                0x0800106c                BDMA_Channel7_IRQHandler
                0x0800106c                LPTIM5_IRQHandler
                0x0800106c                UART5_IRQHandler
                0x0800106c                ADC3_IRQHandler
                0x0800106c                DMA2_Stream0_IRQHandler
                0x0800106c                TIM4_IRQHandler
                0x0800106c                BDMA_Channel2_IRQHandler
                0x0800106c                I2C1_EV_IRQHandler
                0x0800106c                DMA1_Stream6_IRQHandler
                0x0800106c                DMAMUX1_OVR_IRQHandler
                0x0800106c                TIM16_IRQHandler
                0x0800106c                UART4_IRQHandler
                0x0800106c                BDMA_Channel5_IRQHandler
                0x0800106c                TIM3_IRQHandler
                0x0800106c                RCC_IRQHandler
                0x0800106c                UART9_IRQHandler
                0x0800106c                TIM8_BRK_TIM12_IRQHandler
                0x0800106c                TIM1_TRG_COM_IRQHandler
                0x0800106c                Default_Handler
                0x0800106c                ECC_IRQHandler
                0x0800106c                FMAC_IRQHandler
                0x0800106c                CEC_IRQHandler
                0x0800106c                EXTI15_10_IRQHandler
                0x0800106c                BDMA_Channel0_IRQHandler
                0x0800106c                I2C5_ER_IRQHandler
                0x0800106c                DMA1_Stream7_IRQHandler
                0x0800106c                SPI5_IRQHandler
                0x0800106c                TIM7_IRQHandler
                0x0800106c                FDCAN3_IT1_IRQHandler
                0x0800106c                SDMMC1_IRQHandler
                0x0800106c                TIM5_IRQHandler
                0x0800106c                DMA2_Stream7_IRQHandler
                0x0800106c                TIM15_IRQHandler
                0x0800106c                PVD_AVD_IRQHandler
                0x0800106c                I2C3_EV_IRQHandler
                0x0800106c                EXTI9_5_IRQHandler
                0x0800106c                RTC_WKUP_IRQHandler
                0x0800106c                LTDC_IRQHandler
                0x0800106c                ETH_WKUP_IRQHandler
                0x0800106c                SPDIF_RX_IRQHandler
                0x0800106c                SPI2_IRQHandler
                0x0800106c                OTG_HS_EP1_IN_IRQHandler
                0x0800106c                DMA1_Stream0_IRQHandler
                0x0800106c                TIM24_IRQHandler
                0x0800106c                CRS_IRQHandler
                0x0800106c                EXTI4_IRQHandler
                0x0800106c                RNG_IRQHandler
                0x0800106c                FDCAN2_IT1_IRQHandler
                0x0800106c                ETH_IRQHandler
                0x0800106c                TIM1_UP_IRQHandler
                0x0800106c                BDMA_Channel4_IRQHandler
                0x0800106c                OTG_HS_EP1_OUT_IRQHandler
                0x0800106c                WWDG_IRQHandler
                0x0800106c                SPI6_IRQHandler
                0x0800106c                MDIOS_IRQHandler
                0x0800106c                I2C4_EV_IRQHandler
                0x0800106c                FDCAN2_IT0_IRQHandler
                0x0800106c                LPUART1_IRQHandler
                0x0800106c                FDCAN1_IT0_IRQHandler
                0x0800106c                TIM2_IRQHandler
                0x0800106c                OTG_HS_IRQHandler
                0x0800106c                DMA2D_IRQHandler
                0x0800106c                TIM1_BRK_IRQHandler
                0x0800106c                EXTI1_IRQHandler
                0x0800106c                SDMMC2_IRQHandler
                0x0800106c                BDMA_Channel3_IRQHandler
                0x0800106c                DTS_IRQHandler
                0x0800106c                UART7_IRQHandler
                0x0800106c                MDIOS_WKUP_IRQHandler
                0x0800106c                USART2_IRQHandler
                0x0800106c                DFSDM1_FLT0_IRQHandler
                0x0800106c                SAI4_IRQHandler
                0x0800106c                I2C2_ER_IRQHandler
                0x0800106c                DMA2_Stream1_IRQHandler
                0x0800106c                FLASH_IRQHandler
                0x0800106c                DMA2_Stream4_IRQHandler
                0x0800106c                USART1_IRQHandler
                0x0800106c                SPI3_IRQHandler
                0x0800106c                WAKEUP_PIN_IRQHandler
                0x0800106c                DMA1_Stream4_IRQHandler
                0x0800106c                I2C1_ER_IRQHandler
                0x0800106c                FMC_IRQHandler
                0x0800106c                FDCAN_CAL_IRQHandler
                0x0800106c                SWPMI1_IRQHandler
                0x0800106c                COMP1_IRQHandler
                0x0800106c                LPTIM1_IRQHandler
                0x0800106c                DCMI_PSSI_IRQHandler
                0x0800106c                I2C4_ER_IRQHandler
                0x0800106c                DMA2_Stream6_IRQHandler
                0x0800106c                SAI1_IRQHandler
                0x0800106c                DMA1_Stream3_IRQHandler
 *fill*         0x0800106e        0x2 
 .text.HAL_Init
                0x08001070       0x78 ./Drivers/STM32H7xx_HAL_Driver/Src/stm32h7xx_hal.o
                0x08001070                HAL_Init
 .text.HAL_InitTick
                0x080010e8       0x6c ./Drivers/STM32H7xx_HAL_Driver/Src/stm32h7xx_hal.o
                0x080010e8                HAL_InitTick
 .text.HAL_IncTick
                0x08001154       0x28 ./Drivers/STM32H7xx_HAL_Driver/Src/stm32h7xx_hal.o
                0x08001154                HAL_IncTick
 .text.HAL_GetTick
                0x0800117c       0x18 ./Drivers/STM32H7xx_HAL_Driver/Src/stm32h7xx_hal.o
                0x0800117c                HAL_GetTick
 .text.LL_ADC_SetCommonClock
                0x08001194       0x26 ./Drivers/STM32H7xx_HAL_Driver/Src/stm32h7xx_hal_adc.o
 .text.LL_ADC_SetCommonPathInternalCh
                0x080011ba       0x26 ./Drivers/STM32H7xx_HAL_Driver/Src/stm32h7xx_hal_adc.o
 .text.LL_ADC_GetCommonPathInternalCh
                0x080011e0       0x1c ./Drivers/STM32H7xx_HAL_Driver/Src/stm32h7xx_hal_adc.o
 .text.LL_ADC_SetOffset
                0x080011fc       0x64 ./Drivers/STM32H7xx_HAL_Driver/Src/stm32h7xx_hal_adc.o
 .text.LL_ADC_GetOffsetChannel
                0x08001260       0x2c ./Drivers/STM32H7xx_HAL_Driver/Src/stm32h7xx_hal_adc.o
 .text.LL_ADC_SetDataRightShift
                0x0800128c       0x32 ./Drivers/STM32H7xx_HAL_Driver/Src/stm32h7xx_hal_adc.o
 *fill*         0x080012be        0x2 
 .text.LL_ADC_SetOffsetSignedSaturation
                0x080012c0       0x44 ./Drivers/STM32H7xx_HAL_Driver/Src/stm32h7xx_hal_adc.o
 .text.LL_ADC_SetOffsetSaturation
                0x08001304       0x44 ./Drivers/STM32H7xx_HAL_Driver/Src/stm32h7xx_hal_adc.o
 .text.LL_ADC_SetOffsetSign
                0x08001348       0x44 ./Drivers/STM32H7xx_HAL_Driver/Src/stm32h7xx_hal_adc.o
 .text.LL_ADC_SetOffsetState
                0x0800138c       0x54 ./Drivers/STM32H7xx_HAL_Driver/Src/stm32h7xx_hal_adc.o
 .text.LL_ADC_REG_IsTriggerSourceSWStart
                0x080013e0       0x26 ./Drivers/STM32H7xx_HAL_Driver/Src/stm32h7xx_hal_adc.o
 .text.LL_ADC_REG_SetSequencerRanks
                0x08001406       0x58 ./Drivers/STM32H7xx_HAL_Driver/Src/stm32h7xx_hal_adc.o
 .text.LL_ADC_INJ_IsTriggerSourceSWStart
                0x0800145e       0x26 ./Drivers/STM32H7xx_HAL_Driver/Src/stm32h7xx_hal_adc.o
 .text.LL_ADC_SetChannelSamplingTime
                0x08001484       0x56 ./Drivers/STM32H7xx_HAL_Driver/Src/stm32h7xx_hal_adc.o
 *fill*         0x080014da        0x2 
 .text.LL_ADC_SetChannelSingleDiff
                0x080014dc       0x80 ./Drivers/STM32H7xx_HAL_Driver/Src/stm32h7xx_hal_adc.o
 .text.LL_ADC_GetMultimode
                0x0800155c       0x1c ./Drivers/STM32H7xx_HAL_Driver/Src/stm32h7xx_hal_adc.o
 .text.LL_ADC_GetMultiDMATransfer
                0x08001578       0x1c ./Drivers/STM32H7xx_HAL_Driver/Src/stm32h7xx_hal_adc.o
 .text.LL_ADC_DisableDeepPowerDown
                0x08001594       0x24 ./Drivers/STM32H7xx_HAL_Driver/Src/stm32h7xx_hal_adc.o
 .text.LL_ADC_IsDeepPowerDownEnabled
                0x080015b8       0x28 ./Drivers/STM32H7xx_HAL_Driver/Src/stm32h7xx_hal_adc.o
 .text.LL_ADC_EnableInternalRegulator
                0x080015e0       0x28 ./Drivers/STM32H7xx_HAL_Driver/Src/stm32h7xx_hal_adc.o
 .text.LL_ADC_IsInternalRegulatorEnabled
                0x08001608       0x28 ./Drivers/STM32H7xx_HAL_Driver/Src/stm32h7xx_hal_adc.o
 .text.LL_ADC_IsEnabled
                0x08001630       0x26 ./Drivers/STM32H7xx_HAL_Driver/Src/stm32h7xx_hal_adc.o
 .text.LL_ADC_REG_IsConversionOngoing
                0x08001656       0x26 ./Drivers/STM32H7xx_HAL_Driver/Src/stm32h7xx_hal_adc.o
 .text.LL_ADC_INJ_IsConversionOngoing
                0x0800167c       0x26 ./Drivers/STM32H7xx_HAL_Driver/Src/stm32h7xx_hal_adc.o
 *fill*         0x080016a2        0x2 
 .text.HAL_ADC_Init
                0x080016a4      0x410 ./Drivers/STM32H7xx_HAL_Driver/Src/stm32h7xx_hal_adc.o
                0x080016a4                HAL_ADC_Init
 .text.HAL_ADC_IRQHandler
                0x08001ab4      0x474 ./Drivers/STM32H7xx_HAL_Driver/Src/stm32h7xx_hal_adc.o
                0x08001ab4                HAL_ADC_IRQHandler
 .text.HAL_ADC_LevelOutOfWindowCallback
                0x08001f28       0x14 ./Drivers/STM32H7xx_HAL_Driver/Src/stm32h7xx_hal_adc.o
                0x08001f28                HAL_ADC_LevelOutOfWindowCallback
 .text.HAL_ADC_ErrorCallback
                0x08001f3c       0x14 ./Drivers/STM32H7xx_HAL_Driver/Src/stm32h7xx_hal_adc.o
                0x08001f3c                HAL_ADC_ErrorCallback
 .text.HAL_ADC_ConfigChannel
                0x08001f50      0xa60 ./Drivers/STM32H7xx_HAL_Driver/Src/stm32h7xx_hal_adc.o
                0x08001f50                HAL_ADC_ConfigChannel
 .text.ADC_ConfigureBoostMode
                0x080029b0      0x1dc ./Drivers/STM32H7xx_HAL_Driver/Src/stm32h7xx_hal_adc.o
                0x080029b0                ADC_ConfigureBoostMode
 .text.LL_ADC_IsEnabled
                0x08002b8c       0x26 ./Drivers/STM32H7xx_HAL_Driver/Src/stm32h7xx_hal_adc_ex.o
 .text.LL_ADC_REG_IsConversionOngoing
                0x08002bb2       0x26 ./Drivers/STM32H7xx_HAL_Driver/Src/stm32h7xx_hal_adc_ex.o
 .text.HAL_ADCEx_InjectedConvCpltCallback
                0x08002bd8       0x14 ./Drivers/STM32H7xx_HAL_Driver/Src/stm32h7xx_hal_adc_ex.o
                0x08002bd8                HAL_ADCEx_InjectedConvCpltCallback
 .text.HAL_ADCEx_InjectedQueueOverflowCallback
                0x08002bec       0x14 ./Drivers/STM32H7xx_HAL_Driver/Src/stm32h7xx_hal_adc_ex.o
                0x08002bec                HAL_ADCEx_InjectedQueueOverflowCallback
 .text.HAL_ADCEx_LevelOutOfWindow2Callback
                0x08002c00       0x14 ./Drivers/STM32H7xx_HAL_Driver/Src/stm32h7xx_hal_adc_ex.o
                0x08002c00                HAL_ADCEx_LevelOutOfWindow2Callback
 .text.HAL_ADCEx_LevelOutOfWindow3Callback
                0x08002c14       0x14 ./Drivers/STM32H7xx_HAL_Driver/Src/stm32h7xx_hal_adc_ex.o
                0x08002c14                HAL_ADCEx_LevelOutOfWindow3Callback
 .text.HAL_ADCEx_EndOfSamplingCallback
                0x08002c28       0x14 ./Drivers/STM32H7xx_HAL_Driver/Src/stm32h7xx_hal_adc_ex.o
                0x08002c28                HAL_ADCEx_EndOfSamplingCallback
 .text.HAL_ADCEx_MultiModeConfigChannel
                0x08002c3c      0x1c4 ./Drivers/STM32H7xx_HAL_Driver/Src/stm32h7xx_hal_adc_ex.o
                0x08002c3c                HAL_ADCEx_MultiModeConfigChannel
 .text.__NVIC_SetPriorityGrouping
                0x08002e00       0x48 ./Drivers/STM32H7xx_HAL_Driver/Src/stm32h7xx_hal_cortex.o
 .text.__NVIC_GetPriorityGrouping
                0x08002e48       0x1c ./Drivers/STM32H7xx_HAL_Driver/Src/stm32h7xx_hal_cortex.o
 .text.__NVIC_EnableIRQ
                0x08002e64       0x3c ./Drivers/STM32H7xx_HAL_Driver/Src/stm32h7xx_hal_cortex.o
 .text.__NVIC_SetPriority
                0x08002ea0       0x54 ./Drivers/STM32H7xx_HAL_Driver/Src/stm32h7xx_hal_cortex.o
 .text.NVIC_EncodePriority
                0x08002ef4       0x66 ./Drivers/STM32H7xx_HAL_Driver/Src/stm32h7xx_hal_cortex.o
 *fill*         0x08002f5a        0x2 
 .text.SysTick_Config
                0x08002f5c       0x44 ./Drivers/STM32H7xx_HAL_Driver/Src/stm32h7xx_hal_cortex.o
 .text.HAL_NVIC_SetPriorityGrouping
                0x08002fa0       0x16 ./Drivers/STM32H7xx_HAL_Driver/Src/stm32h7xx_hal_cortex.o
                0x08002fa0                HAL_NVIC_SetPriorityGrouping
 .text.HAL_NVIC_SetPriority
                0x08002fb6       0x34 ./Drivers/STM32H7xx_HAL_Driver/Src/stm32h7xx_hal_cortex.o
                0x08002fb6                HAL_NVIC_SetPriority
 .text.HAL_NVIC_EnableIRQ
                0x08002fea       0x1c ./Drivers/STM32H7xx_HAL_Driver/Src/stm32h7xx_hal_cortex.o
                0x08002fea                HAL_NVIC_EnableIRQ
 .text.HAL_SYSTICK_Config
                0x08003006       0x18 ./Drivers/STM32H7xx_HAL_Driver/Src/stm32h7xx_hal_cortex.o
                0x08003006                HAL_SYSTICK_Config
 *fill*         0x0800301e        0x2 
 .text.HAL_MPU_Disable
                0x08003020       0x30 ./Drivers/STM32H7xx_HAL_Driver/Src/stm32h7xx_hal_cortex.o
                0x08003020                HAL_MPU_Disable
 .text.HAL_MPU_Enable
                0x08003050       0x40 ./Drivers/STM32H7xx_HAL_Driver/Src/stm32h7xx_hal_cortex.o
                0x08003050                HAL_MPU_Enable
 .text.HAL_MPU_ConfigRegion
                0x08003090       0x80 ./Drivers/STM32H7xx_HAL_Driver/Src/stm32h7xx_hal_cortex.o
                0x08003090                HAL_MPU_ConfigRegion
 .text.HAL_DMA_Init
                0x08003110      0x6b0 ./Drivers/STM32H7xx_HAL_Driver/Src/stm32h7xx_hal_dma.o
                0x08003110                HAL_DMA_Init
 .text.HAL_DMA_Start_IT
                0x080037c0      0x4d4 ./Drivers/STM32H7xx_HAL_Driver/Src/stm32h7xx_hal_dma.o
                0x080037c0                HAL_DMA_Start_IT
 .text.HAL_DMA_Abort
                0x08003c94      0x63c ./Drivers/STM32H7xx_HAL_Driver/Src/stm32h7xx_hal_dma.o
                0x08003c94                HAL_DMA_Abort
 .text.HAL_DMA_Abort_IT
                0x080042d0      0x48c ./Drivers/STM32H7xx_HAL_Driver/Src/stm32h7xx_hal_dma.o
                0x080042d0                HAL_DMA_Abort_IT
 .text.HAL_DMA_IRQHandler
                0x0800475c      0xe54 ./Drivers/STM32H7xx_HAL_Driver/Src/stm32h7xx_hal_dma.o
                0x0800475c                HAL_DMA_IRQHandler
 .text.HAL_DMA_GetError
                0x080055b0       0x18 ./Drivers/STM32H7xx_HAL_Driver/Src/stm32h7xx_hal_dma.o
                0x080055b0                HAL_DMA_GetError
 .text.DMA_SetConfig
                0x080055c8      0x358 ./Drivers/STM32H7xx_HAL_Driver/Src/stm32h7xx_hal_dma.o
 .text.DMA_CalcBaseAndBitshift
                0x08005920      0x164 ./Drivers/STM32H7xx_HAL_Driver/Src/stm32h7xx_hal_dma.o
 .text.DMA_CheckFifoParam
                0x08005a84       0xf8 ./Drivers/STM32H7xx_HAL_Driver/Src/stm32h7xx_hal_dma.o
 .text.DMA_CalcDMAMUXChannelBaseAndMask
                0x08005b7c      0x134 ./Drivers/STM32H7xx_HAL_Driver/Src/stm32h7xx_hal_dma.o
 .text.DMA_CalcDMAMUXRequestGenBaseAndMask
                0x08005cb0       0xe8 ./Drivers/STM32H7xx_HAL_Driver/Src/stm32h7xx_hal_dma.o
 .text.HAL_GPIO_Init
                0x08005d98      0x350 ./Drivers/STM32H7xx_HAL_Driver/Src/stm32h7xx_hal_gpio.o
                0x08005d98                HAL_GPIO_Init
 .text.HAL_GPIO_WritePin
                0x080060e8       0x32 ./Drivers/STM32H7xx_HAL_Driver/Src/stm32h7xx_hal_gpio.o
                0x080060e8                HAL_GPIO_WritePin
 *fill*         0x0800611a        0x2 
 .text.HAL_PWREx_ConfigSupply
                0x0800611c       0x74 ./Drivers/STM32H7xx_HAL_Driver/Src/stm32h7xx_hal_pwr_ex.o
                0x0800611c                HAL_PWREx_ConfigSupply
 .text.HAL_RCC_OscConfig
                0x08006190      0x7b4 ./Drivers/STM32H7xx_HAL_Driver/Src/stm32h7xx_hal_rcc.o
                0x08006190                HAL_RCC_OscConfig
 .text.HAL_RCC_ClockConfig
                0x08006944      0x36c ./Drivers/STM32H7xx_HAL_Driver/Src/stm32h7xx_hal_rcc.o
                0x08006944                HAL_RCC_ClockConfig
 .text.HAL_RCC_GetSysClockFreq
                0x08006cb0      0x2f4 ./Drivers/STM32H7xx_HAL_Driver/Src/stm32h7xx_hal_rcc.o
                0x08006cb0                HAL_RCC_GetSysClockFreq
 .text.HAL_RCC_GetHCLKFreq
                0x08006fa4       0x60 ./Drivers/STM32H7xx_HAL_Driver/Src/stm32h7xx_hal_rcc.o
                0x08006fa4                HAL_RCC_GetHCLKFreq
 .text.HAL_RCC_GetPCLK1Freq
                0x08007004       0x2c ./Drivers/STM32H7xx_HAL_Driver/Src/stm32h7xx_hal_rcc.o
                0x08007004                HAL_RCC_GetPCLK1Freq
 .text.HAL_RCCEx_PeriphCLKConfig
                0x08007030     0x1340 ./Drivers/STM32H7xx_HAL_Driver/Src/stm32h7xx_hal_rcc_ex.o
                0x08007030                HAL_RCCEx_PeriphCLKConfig
 .text.HAL_RCCEx_GetPeriphCLKFreq
                0x08008370      0x9a4 ./Drivers/STM32H7xx_HAL_Driver/Src/stm32h7xx_hal_rcc_ex.o
                0x08008370                HAL_RCCEx_GetPeriphCLKFreq
 .text.HAL_RCCEx_GetD3PCLK1Freq
                0x08008d14       0x2c ./Drivers/STM32H7xx_HAL_Driver/Src/stm32h7xx_hal_rcc_ex.o
                0x08008d14                HAL_RCCEx_GetD3PCLK1Freq
 .text.HAL_RCCEx_GetPLL2ClockFreq
                0x08008d40      0x2a8 ./Drivers/STM32H7xx_HAL_Driver/Src/stm32h7xx_hal_rcc_ex.o
                0x08008d40                HAL_RCCEx_GetPLL2ClockFreq
 .text.HAL_RCCEx_GetPLL3ClockFreq
                0x08008fe8      0x2a8 ./Drivers/STM32H7xx_HAL_Driver/Src/stm32h7xx_hal_rcc_ex.o
                0x08008fe8                HAL_RCCEx_GetPLL3ClockFreq
 .text.HAL_RCCEx_GetPLL1ClockFreq
                0x08009290      0x2a4 ./Drivers/STM32H7xx_HAL_Driver/Src/stm32h7xx_hal_rcc_ex.o
                0x08009290                HAL_RCCEx_GetPLL1ClockFreq
 .text.RCCEx_PLL2_Config
                0x08009534      0x164 ./Drivers/STM32H7xx_HAL_Driver/Src/stm32h7xx_hal_rcc_ex.o
 .text.RCCEx_PLL3_Config
                0x08009698      0x164 ./Drivers/STM32H7xx_HAL_Driver/Src/stm32h7xx_hal_rcc_ex.o
 .text.HAL_SPI_Init
                0x080097fc      0x248 ./Drivers/STM32H7xx_HAL_Driver/Src/stm32h7xx_hal_spi.o
                0x080097fc                HAL_SPI_Init
 .text.HAL_SPI_Transmit_DMA
                0x08009a44      0x284 ./Drivers/STM32H7xx_HAL_Driver/Src/stm32h7xx_hal_spi.o
                0x08009a44                HAL_SPI_Transmit_DMA
 .text.HAL_SPI_Abort
                0x08009cc8      0x1dc ./Drivers/STM32H7xx_HAL_Driver/Src/stm32h7xx_hal_spi.o
                0x08009cc8                HAL_SPI_Abort
 .text.HAL_SPI_IRQHandler
                0x08009ea4      0x39c ./Drivers/STM32H7xx_HAL_Driver/Src/stm32h7xx_hal_spi.o
                0x08009ea4                HAL_SPI_IRQHandler
 .text.HAL_SPI_RxCpltCallback
                0x0800a240       0x14 ./Drivers/STM32H7xx_HAL_Driver/Src/stm32h7xx_hal_spi.o
                0x0800a240                HAL_SPI_RxCpltCallback
 .text.HAL_SPI_TxRxCpltCallback
                0x0800a254       0x14 ./Drivers/STM32H7xx_HAL_Driver/Src/stm32h7xx_hal_spi.o
                0x0800a254                HAL_SPI_TxRxCpltCallback
 .text.HAL_SPI_TxHalfCpltCallback
                0x0800a268       0x14 ./Drivers/STM32H7xx_HAL_Driver/Src/stm32h7xx_hal_spi.o
                0x0800a268                HAL_SPI_TxHalfCpltCallback
 .text.HAL_SPI_SuspendCallback
                0x0800a27c       0x14 ./Drivers/STM32H7xx_HAL_Driver/Src/stm32h7xx_hal_spi.o
                0x0800a27c                HAL_SPI_SuspendCallback
 .text.SPI_DMATransmitCplt
                0x0800a290       0x46 ./Drivers/STM32H7xx_HAL_Driver/Src/stm32h7xx_hal_spi.o
 .text.SPI_DMAHalfTransmitCplt
                0x0800a2d6       0x1c ./Drivers/STM32H7xx_HAL_Driver/Src/stm32h7xx_hal_spi.o
 .text.SPI_DMAError
                0x0800a2f2       0x46 ./Drivers/STM32H7xx_HAL_Driver/Src/stm32h7xx_hal_spi.o
 .text.SPI_DMAAbortOnError
                0x0800a338       0x34 ./Drivers/STM32H7xx_HAL_Driver/Src/stm32h7xx_hal_spi.o
 .text.SPI_AbortTransfer
                0x0800a36c       0xc8 ./Drivers/STM32H7xx_HAL_Driver/Src/stm32h7xx_hal_spi.o
 .text.SPI_CloseTransfer
                0x0800a434      0x140 ./Drivers/STM32H7xx_HAL_Driver/Src/stm32h7xx_hal_spi.o
 .text.SPI_GetPacketSize
                0x0800a574       0x36 ./Drivers/STM32H7xx_HAL_Driver/Src/stm32h7xx_hal_spi.o
 .text.memset   0x0800a5aa       0x10 C:/ST/STM32CubeIDE_1.16.1/STM32CubeIDE/plugins/com.st.stm32cube.ide.mcu.externaltools.gnu-tools-for-stm32.12.3.rel1.win32_1.0.200.202406191623/tools/bin/../lib/gcc/arm-none-eabi/12.3.1/../../../../arm-none-eabi/lib/thumb/v7e-m+dp/hard\libc_nano.a(libc_a-memset.o)
                0x0800a5aa                memset
 *fill*         0x0800a5ba        0x2 
 .text.__libc_init_array
                0x0800a5bc       0x48 C:/ST/STM32CubeIDE_1.16.1/STM32CubeIDE/plugins/com.st.stm32cube.ide.mcu.externaltools.gnu-tools-for-stm32.12.3.rel1.win32_1.0.200.202406191623/tools/bin/../lib/gcc/arm-none-eabi/12.3.1/../../../../arm-none-eabi/lib/thumb/v7e-m+dp/hard\libc_nano.a(libc_a-init.o)
                0x0800a5bc                __libc_init_array
 *(.glue_7)
 .glue_7        0x0800a604        0x0 linker stubs
 *(.glue_7t)
 .glue_7t       0x0800a604        0x0 linker stubs
 *(.eh_frame)
 .eh_frame      0x0800a604        0x0 C:/ST/STM32CubeIDE_1.16.1/STM32CubeIDE/plugins/com.st.stm32cube.ide.mcu.externaltools.gnu-tools-for-stm32.12.3.rel1.win32_1.0.200.202406191623/tools/bin/../lib/gcc/arm-none-eabi/12.3.1/thumb/v7e-m+dp/hard/crtbegin.o
 *(.init)
 .init          0x0800a604        0x4 C:/ST/STM32CubeIDE_1.16.1/STM32CubeIDE/plugins/com.st.stm32cube.ide.mcu.externaltools.gnu-tools-for-stm32.12.3.rel1.win32_1.0.200.202406191623/tools/bin/../lib/gcc/arm-none-eabi/12.3.1/thumb/v7e-m+dp/hard/crti.o
                0x0800a604                _init
 .init          0x0800a608        0x8 C:/ST/STM32CubeIDE_1.16.1/STM32CubeIDE/plugins/com.st.stm32cube.ide.mcu.externaltools.gnu-tools-for-stm32.12.3.rel1.win32_1.0.200.202406191623/tools/bin/../lib/gcc/arm-none-eabi/12.3.1/thumb/v7e-m+dp/hard/crtn.o
 *(.fini)
 .fini          0x0800a610        0x4 C:/ST/STM32CubeIDE_1.16.1/STM32CubeIDE/plugins/com.st.stm32cube.ide.mcu.externaltools.gnu-tools-for-stm32.12.3.rel1.win32_1.0.200.202406191623/tools/bin/../lib/gcc/arm-none-eabi/12.3.1/thumb/v7e-m+dp/hard/crti.o
                0x0800a610                _fini
 .fini          0x0800a614        0x8 C:/ST/STM32CubeIDE_1.16.1/STM32CubeIDE/plugins/com.st.stm32cube.ide.mcu.externaltools.gnu-tools-for-stm32.12.3.rel1.win32_1.0.200.202406191623/tools/bin/../lib/gcc/arm-none-eabi/12.3.1/thumb/v7e-m+dp/hard/crtn.o
                0x0800a61c                        . = ALIGN (0x4)
                0x0800a61c                        _etext = .

.vfp11_veneer   0x0800a61c        0x0
 .vfp11_veneer  0x0800a61c        0x0 linker stubs

.v4_bx          0x0800a61c        0x0
 .v4_bx         0x0800a61c        0x0 linker stubs

.iplt           0x0800a61c        0x0
 .iplt          0x0800a61c        0x0 C:/ST/STM32CubeIDE_1.16.1/STM32CubeIDE/plugins/com.st.stm32cube.ide.mcu.externaltools.gnu-tools-for-stm32.12.3.rel1.win32_1.0.200.202406191623/tools/bin/../lib/gcc/arm-none-eabi/12.3.1/thumb/v7e-m+dp/hard/crtbegin.o

.rodata         0x0800a61c       0x18
                0x0800a61c                        . = ALIGN (0x4)
 *(.rodata)
 *(.rodata*)
 .rodata.D1CorePrescTable
                0x0800a61c       0x10 ./Core/Src/system_stm32h7xx.o
                0x0800a61c                D1CorePrescTable
 .rodata.flagBitshiftOffset.0
                0x0800a62c        0x8 ./Drivers/STM32H7xx_HAL_Driver/Src/stm32h7xx_hal_dma.o
                0x0800a634                        . = ALIGN (0x4)

.ARM.extab
 *(.ARM.extab* .gnu.linkonce.armextab.*)

.ARM            0x0800a634        0x0
                0x0800a634                        __exidx_start = .
 *(.ARM.exidx*)
                0x0800a634                        __exidx_end = .

.preinit_array  0x0800a634        0x0
                0x0800a634                        PROVIDE (__preinit_array_start = .)
 *(.preinit_array*)
                0x0800a634                        PROVIDE (__preinit_array_end = .)

.init_array     0x0800a634        0x4
                0x0800a634                        PROVIDE (__init_array_start = .)
 *(SORT_BY_NAME(.init_array.*))
 *(.init_array*)
 .init_array    0x0800a634        0x4 C:/ST/STM32CubeIDE_1.16.1/STM32CubeIDE/plugins/com.st.stm32cube.ide.mcu.externaltools.gnu-tools-for-stm32.12.3.rel1.win32_1.0.200.202406191623/tools/bin/../lib/gcc/arm-none-eabi/12.3.1/thumb/v7e-m+dp/hard/crtbegin.o
                0x0800a638                        PROVIDE (__init_array_end = .)

.fini_array     0x0800a638        0x4
                [!provide]                        PROVIDE (__fini_array_start = .)
 *(SORT_BY_NAME(.fini_array.*))
 *(.fini_array*)
 .fini_array    0x0800a638        0x4 C:/ST/STM32CubeIDE_1.16.1/STM32CubeIDE/plugins/com.st.stm32cube.ide.mcu.externaltools.gnu-tools-for-stm32.12.3.rel1.win32_1.0.200.202406191623/tools/bin/../lib/gcc/arm-none-eabi/12.3.1/thumb/v7e-m+dp/hard/crtbegin.o
                [!provide]                        PROVIDE (__fini_array_end = .)
                0x0800a63c                        _sidata = LOADADDR (.data)

.rel.dyn        0x0800a63c        0x0
 .rel.iplt      0x0800a63c        0x0 C:/ST/STM32CubeIDE_1.16.1/STM32CubeIDE/plugins/com.st.stm32cube.ide.mcu.externaltools.gnu-tools-for-stm32.12.3.rel1.win32_1.0.200.202406191623/tools/bin/../lib/gcc/arm-none-eabi/12.3.1/thumb/v7e-m+dp/hard/crtbegin.o

.data           0x24000000       0x10 load address 0x0800a63c
                0x24000000                        . = ALIGN (0x4)
                0x24000000                        _sdata = .
 *(.data)
 *(.data*)
 .data.SystemCoreClock
                0x24000000        0x4 ./Core/Src/system_stm32h7xx.o
                0x24000000                SystemCoreClock
 .data.SystemD2Clock
                0x24000004        0x4 ./Core/Src/system_stm32h7xx.o
                0x24000004                SystemD2Clock
 .data.uwTickPrio
                0x24000008        0x4 ./Drivers/STM32H7xx_HAL_Driver/Src/stm32h7xx_hal.o
                0x24000008                uwTickPrio
 .data.uwTickFreq
                0x2400000c        0x1 ./Drivers/STM32H7xx_HAL_Driver/Src/stm32h7xx_hal.o
                0x2400000c                uwTickFreq
 *(.RamFunc)
 *(.RamFunc*)
                0x24000010                        . = ALIGN (0x4)
 *fill*         0x2400000d        0x3 
                0x24000010                        _edata = .

.igot.plt       0x24000010        0x0 load address 0x0800a64c
 .igot.plt      0x24000010        0x0 C:/ST/STM32CubeIDE_1.16.1/STM32CubeIDE/plugins/com.st.stm32cube.ide.mcu.externaltools.gnu-tools-for-stm32.12.3.rel1.win32_1.0.200.202406191623/tools/bin/../lib/gcc/arm-none-eabi/12.3.1/thumb/v7e-m+dp/hard/crtbegin.o
                0x24000010                        . = ALIGN (0x4)

.bss            0x24000020      0x310 load address 0x0800a64c
                0x24000020                        _sbss = .
                0x24000020                        __bss_start__ = _sbss
 *(.bss)
 .bss           0x24000020       0x1c C:/ST/STM32CubeIDE_1.16.1/STM32CubeIDE/plugins/com.st.stm32cube.ide.mcu.externaltools.gnu-tools-for-stm32.12.3.rel1.win32_1.0.200.202406191623/tools/bin/../lib/gcc/arm-none-eabi/12.3.1/thumb/v7e-m+dp/hard/crtbegin.o
 *(.bss*)
 *fill*         0x2400003c        0x4 
 .bss.ADC_raw   0x24000040       0x20 ./Core/Src/driver_files/ADC_driver.o
                0x24000040                ADC_raw
 .bss.ADC_V     0x24000060       0x18 ./Core/Src/driver_files/ADC_driver.o
                0x24000060                ADC_V
 .bss.SPI_queue
                0x24000078       0xc0 ./Core/Src/driver_files/comm_driver.o
                0x24000078                SPI_queue
 .bss.queue_head
                0x24000138        0x1 ./Core/Src/driver_files/comm_driver.o
                0x24000138                queue_head
 .bss.queue_tail
                0x24000139        0x1 ./Core/Src/driver_files/comm_driver.o
                0x24000139                queue_tail
 .bss.is_transmitting
                0x2400013a        0x1 ./Core/Src/driver_files/comm_driver.o
                0x2400013a                is_transmitting
 *fill*         0x2400013b        0x1 
 .bss.tx_buffer.0
                0x2400013c        0x5 ./Core/Src/driver_files/comm_driver.o
 *fill*         0x24000141        0x3 
 .bss.hadc1     0x24000144       0x70 ./Core/Src/main.o
                0x24000144                hadc1
 .bss.hdma_adc1
                0x240001b4       0x78 ./Core/Src/main.o
                0x240001b4                hdma_adc1
 .bss.hspi1     0x2400022c       0x88 ./Core/Src/main.o
                0x2400022c                hspi1
 .bss.hdma_spi1_tx
                0x240002b4       0x78 ./Core/Src/main.o
                0x240002b4                hdma_spi1_tx
 .bss.uwTick    0x2400032c        0x4 ./Drivers/STM32H7xx_HAL_Driver/Src/stm32h7xx_hal.o
                0x2400032c                uwTick
 *(COMMON)
                0x24000330                        . = ALIGN (0x4)
                0x24000330                        _ebss = .
                0x24000330                        __bss_end__ = _ebss

._user_heap_stack
                0x24000330      0x600 load address 0x0800a64c
                0x24000330                        . = ALIGN (0x8)
                [!provide]                        PROVIDE (end = .)
                0x24000330                        PROVIDE (_end = .)
                0x24000530                        . = (. + _Min_Heap_Size)
 *fill*         0x24000330      0x200 
                0x24000930                        . = (. + _Min_Stack_Size)
 *fill*         0x24000530      0x400 
                0x24000930                        . = ALIGN (0x8)

/DISCARD/
 libc.a(*)
 libm.a(*)
 libgcc.a(*)

.ARM.attributes
                0x00000000       0x2e
 *(.ARM.attributes)
 .ARM.attributes
                0x00000000       0x20 C:/ST/STM32CubeIDE_1.16.1/STM32CubeIDE/plugins/com.st.stm32cube.ide.mcu.externaltools.gnu-tools-for-stm32.12.3.rel1.win32_1.0.200.202406191623/tools/bin/../lib/gcc/arm-none-eabi/12.3.1/thumb/v7e-m+dp/hard/crti.o
 .ARM.attributes
                0x00000020       0x32 C:/ST/STM32CubeIDE_1.16.1/STM32CubeIDE/plugins/com.st.stm32cube.ide.mcu.externaltools.gnu-tools-for-stm32.12.3.rel1.win32_1.0.200.202406191623/tools/bin/../lib/gcc/arm-none-eabi/12.3.1/thumb/v7e-m+dp/hard/crtbegin.o
 .ARM.attributes
                0x00000052       0x32 ./Core/Src/driver_files/ADC_driver.o
 .ARM.attributes
                0x00000084       0x32 ./Core/Src/driver_files/comm_driver.o
 .ARM.attributes
                0x000000b6       0x32 ./Core/Src/main.o
 .ARM.attributes
                0x000000e8       0x32 ./Core/Src/stm32h7xx_hal_msp.o
 .ARM.attributes
                0x0000011a       0x32 ./Core/Src/stm32h7xx_it.o
 .ARM.attributes
                0x0000014c       0x32 ./Core/Src/system_stm32h7xx.o
 .ARM.attributes
                0x0000017e       0x21 ./Core/Startup/startup_stm32h723vgtx.o
 .ARM.attributes
                0x0000019f       0x32 ./Drivers/STM32H7xx_HAL_Driver/Src/stm32h7xx_hal.o
 .ARM.attributes
                0x000001d1       0x32 ./Drivers/STM32H7xx_HAL_Driver/Src/stm32h7xx_hal_adc.o
 .ARM.attributes
                0x00000203       0x32 ./Drivers/STM32H7xx_HAL_Driver/Src/stm32h7xx_hal_adc_ex.o
 .ARM.attributes
                0x00000235       0x32 ./Drivers/STM32H7xx_HAL_Driver/Src/stm32h7xx_hal_cortex.o
 .ARM.attributes
                0x00000267       0x32 ./Drivers/STM32H7xx_HAL_Driver/Src/stm32h7xx_hal_dma.o
 .ARM.attributes
                0x00000299       0x32 ./Drivers/STM32H7xx_HAL_Driver/Src/stm32h7xx_hal_gpio.o
 .ARM.attributes
                0x000002cb       0x32 ./Drivers/STM32H7xx_HAL_Driver/Src/stm32h7xx_hal_pwr_ex.o
 .ARM.attributes
                0x000002fd       0x32 ./Drivers/STM32H7xx_HAL_Driver/Src/stm32h7xx_hal_rcc.o
 .ARM.attributes
                0x0000032f       0x32 ./Drivers/STM32H7xx_HAL_Driver/Src/stm32h7xx_hal_rcc_ex.o
 .ARM.attributes
                0x00000361       0x32 ./Drivers/STM32H7xx_HAL_Driver/Src/stm32h7xx_hal_spi.o
 .ARM.attributes
                0x00000393       0x32 C:/ST/STM32CubeIDE_1.16.1/STM32CubeIDE/plugins/com.st.stm32cube.ide.mcu.externaltools.gnu-tools-for-stm32.12.3.rel1.win32_1.0.200.202406191623/tools/bin/../lib/gcc/arm-none-eabi/12.3.1/../../../../arm-none-eabi/lib/thumb/v7e-m+dp/hard\libc_nano.a(libc_a-memset.o)
 .ARM.attributes
                0x000003c5       0x32 C:/ST/STM32CubeIDE_1.16.1/STM32CubeIDE/plugins/com.st.stm32cube.ide.mcu.externaltools.gnu-tools-for-stm32.12.3.rel1.win32_1.0.200.202406191623/tools/bin/../lib/gcc/arm-none-eabi/12.3.1/../../../../arm-none-eabi/lib/thumb/v7e-m+dp/hard\libc_nano.a(libc_a-init.o)
 .ARM.attributes
                0x000003f7       0x20 C:/ST/STM32CubeIDE_1.16.1/STM32CubeIDE/plugins/com.st.stm32cube.ide.mcu.externaltools.gnu-tools-for-stm32.12.3.rel1.win32_1.0.200.202406191623/tools/bin/../lib/gcc/arm-none-eabi/12.3.1/thumb/v7e-m+dp/hard/crtn.o
OUTPUT(ecu.elf elf32-littlearm)
LOAD linker stubs
LOAD C:/ST/STM32CubeIDE_1.16.1/STM32CubeIDE/plugins/com.st.stm32cube.ide.mcu.externaltools.gnu-tools-for-stm32.12.3.rel1.win32_1.0.200.202406191623/tools/bin/../lib/gcc/arm-none-eabi/12.3.1/../../../../arm-none-eabi/lib/thumb/v7e-m+dp/hard\libc.a
LOAD C:/ST/STM32CubeIDE_1.16.1/STM32CubeIDE/plugins/com.st.stm32cube.ide.mcu.externaltools.gnu-tools-for-stm32.12.3.rel1.win32_1.0.200.202406191623/tools/bin/../lib/gcc/arm-none-eabi/12.3.1/../../../../arm-none-eabi/lib/thumb/v7e-m+dp/hard\libm.a
LOAD C:/ST/STM32CubeIDE_1.16.1/STM32CubeIDE/plugins/com.st.stm32cube.ide.mcu.externaltools.gnu-tools-for-stm32.12.3.rel1.win32_1.0.200.202406191623/tools/bin/../lib/gcc/arm-none-eabi/12.3.1/thumb/v7e-m+dp/hard\libgcc.a

.debug_info     0x00000000    0x135fd
 .debug_info    0x00000000      0xe48 ./Core/Src/driver_files/ADC_driver.o
 .debug_info    0x00000e48      0xb28 ./Core/Src/driver_files/comm_driver.o
 .debug_info    0x00001970     0x2066 ./Core/Src/main.o
 .debug_info    0x000039d6     0x1a6f ./Core/Src/stm32h7xx_hal_msp.o
 .debug_info    0x00005445      0xd5b ./Core/Src/stm32h7xx_it.o
 .debug_info    0x000061a0      0xb2e ./Core/Src/system_stm32h7xx.o
 .debug_info    0x00006cce       0x30 ./Core/Startup/startup_stm32h723vgtx.o
 .debug_info    0x00006cfe     0x1698 ./Drivers/STM32H7xx_HAL_Driver/Src/stm32h7xx_hal.o
 .debug_info    0x00008396     0x245f ./Drivers/STM32H7xx_HAL_Driver/Src/stm32h7xx_hal_adc.o
 .debug_info    0x0000a7f5     0x2432 ./Drivers/STM32H7xx_HAL_Driver/Src/stm32h7xx_hal_adc_ex.o
 .debug_info    0x0000cc27     0x10a0 ./Drivers/STM32H7xx_HAL_Driver/Src/stm32h7xx_hal_cortex.o
 .debug_info    0x0000dcc7      0xb67 ./Drivers/STM32H7xx_HAL_Driver/Src/stm32h7xx_hal_dma.o
 .debug_info    0x0000e82e      0xc5c ./Drivers/STM32H7xx_HAL_Driver/Src/stm32h7xx_hal_gpio.o
 .debug_info    0x0000f48a      0xdc4 ./Drivers/STM32H7xx_HAL_Driver/Src/stm32h7xx_hal_pwr_ex.o
 .debug_info    0x0001024e      0xd73 ./Drivers/STM32H7xx_HAL_Driver/Src/stm32h7xx_hal_rcc.o
 .debug_info    0x00010fc1     0x11fc ./Drivers/STM32H7xx_HAL_Driver/Src/stm32h7xx_hal_rcc_ex.o
 .debug_info    0x000121bd     0x1440 ./Drivers/STM32H7xx_HAL_Driver/Src/stm32h7xx_hal_spi.o

.debug_abbrev   0x00000000     0x2801
 .debug_abbrev  0x00000000      0x2c7 ./Core/Src/driver_files/ADC_driver.o
 .debug_abbrev  0x000002c7      0x24d ./Core/Src/driver_files/comm_driver.o
 .debug_abbrev  0x00000514      0x2e2 ./Core/Src/main.o
 .debug_abbrev  0x000007f6      0x24d ./Core/Src/stm32h7xx_hal_msp.o
 .debug_abbrev  0x00000a43      0x194 ./Core/Src/stm32h7xx_it.o
 .debug_abbrev  0x00000bd7      0x13a ./Core/Src/system_stm32h7xx.o
 .debug_abbrev  0x00000d11       0x24 ./Core/Startup/startup_stm32h723vgtx.o
 .debug_abbrev  0x00000d35      0x29e ./Drivers/STM32H7xx_HAL_Driver/Src/stm32h7xx_hal.o
 .debug_abbrev  0x00000fd3      0x309 ./Drivers/STM32H7xx_HAL_Driver/Src/stm32h7xx_hal_adc.o
 .debug_abbrev  0x000012dc      0x346 ./Drivers/STM32H7xx_HAL_Driver/Src/stm32h7xx_hal_adc_ex.o
 .debug_abbrev  0x00001622      0x339 ./Drivers/STM32H7xx_HAL_Driver/Src/stm32h7xx_hal_cortex.o
 .debug_abbrev  0x0000195b      0x248 ./Drivers/STM32H7xx_HAL_Driver/Src/stm32h7xx_hal_dma.o
 .debug_abbrev  0x00001ba3      0x1fe ./Drivers/STM32H7xx_HAL_Driver/Src/stm32h7xx_hal_gpio.o
 .debug_abbrev  0x00001da1      0x295 ./Drivers/STM32H7xx_HAL_Driver/Src/stm32h7xx_hal_pwr_ex.o
 .debug_abbrev  0x00002036      0x2b1 ./Drivers/STM32H7xx_HAL_Driver/Src/stm32h7xx_hal_rcc.o
 .debug_abbrev  0x000022e7      0x269 ./Drivers/STM32H7xx_HAL_Driver/Src/stm32h7xx_hal_rcc_ex.o
 .debug_abbrev  0x00002550      0x2b1 ./Drivers/STM32H7xx_HAL_Driver/Src/stm32h7xx_hal_spi.o

.debug_aranges  0x00000000      0xe98
 .debug_aranges
                0x00000000       0x30 ./Core/Src/driver_files/ADC_driver.o
 .debug_aranges
                0x00000030       0x50 ./Core/Src/driver_files/comm_driver.o
 .debug_aranges
                0x00000080       0x58 ./Core/Src/main.o
 .debug_aranges
                0x000000d8       0x40 ./Core/Src/stm32h7xx_hal_msp.o
 .debug_aranges
                0x00000118       0x80 ./Core/Src/stm32h7xx_it.o
 .debug_aranges
                0x00000198       0x28 ./Core/Src/system_stm32h7xx.o
 .debug_aranges
                0x000001c0       0x28 ./Core/Startup/startup_stm32h723vgtx.o
 .debug_aranges
                0x000001e8      0x1c8 ./Drivers/STM32H7xx_HAL_Driver/Src/stm32h7xx_hal.o
 .debug_aranges
                0x000003b0      0x260 ./Drivers/STM32H7xx_HAL_Driver/Src/stm32h7xx_hal_adc.o
 .debug_aranges
                0x00000610      0x1f0 ./Drivers/STM32H7xx_HAL_Driver/Src/stm32h7xx_hal_adc_ex.o
 .debug_aranges
                0x00000800      0x130 ./Drivers/STM32H7xx_HAL_Driver/Src/stm32h7xx_hal_cortex.o
 .debug_aranges
                0x00000930       0xa0 ./Drivers/STM32H7xx_HAL_Driver/Src/stm32h7xx_hal_dma.o
 .debug_aranges
                0x000009d0       0x58 ./Drivers/STM32H7xx_HAL_Driver/Src/stm32h7xx_hal_gpio.o
 .debug_aranges
                0x00000a28      0x148 ./Drivers/STM32H7xx_HAL_Driver/Src/stm32h7xx_hal_pwr_ex.o
 .debug_aranges
                0x00000b70       0x88 ./Drivers/STM32H7xx_HAL_Driver/Src/stm32h7xx_hal_rcc.o
 .debug_aranges
                0x00000bf8       0xf8 ./Drivers/STM32H7xx_HAL_Driver/Src/stm32h7xx_hal_rcc_ex.o
 .debug_aranges
                0x00000cf0      0x1a8 ./Drivers/STM32H7xx_HAL_Driver/Src/stm32h7xx_hal_spi.o

.debug_rnglists
                0x00000000      0xb08
 .debug_rnglists
                0x00000000       0x1f ./Core/Src/driver_files/ADC_driver.o
 .debug_rnglists
                0x0000001f       0x3a ./Core/Src/driver_files/comm_driver.o
 .debug_rnglists
                0x00000059       0x41 ./Core/Src/main.o
 .debug_rnglists
                0x0000009a       0x2d ./Core/Src/stm32h7xx_hal_msp.o
 .debug_rnglists
                0x000000c7       0x5b ./Core/Src/stm32h7xx_it.o
 .debug_rnglists
                0x00000122       0x1b ./Core/Src/system_stm32h7xx.o
 .debug_rnglists
                0x0000013d       0x19 ./Core/Startup/startup_stm32h723vgtx.o
 .debug_rnglists
                0x00000156      0x155 ./Drivers/STM32H7xx_HAL_Driver/Src/stm32h7xx_hal.o
 .debug_rnglists
                0x000002ab      0x1d5 ./Drivers/STM32H7xx_HAL_Driver/Src/stm32h7xx_hal_adc.o
 .debug_rnglists
                0x00000480      0x182 ./Drivers/STM32H7xx_HAL_Driver/Src/stm32h7xx_hal_adc_ex.o
 .debug_rnglists
                0x00000602       0xe0 ./Drivers/STM32H7xx_HAL_Driver/Src/stm32h7xx_hal_cortex.o
 .debug_rnglists
                0x000006e2       0x82 ./Drivers/STM32H7xx_HAL_Driver/Src/stm32h7xx_hal_dma.o
 .debug_rnglists
                0x00000764       0x3f ./Drivers/STM32H7xx_HAL_Driver/Src/stm32h7xx_hal_gpio.o
 .debug_rnglists
                0x000007a3       0xf5 ./Drivers/STM32H7xx_HAL_Driver/Src/stm32h7xx_hal_pwr_ex.o
 .debug_rnglists
                0x00000898       0x68 ./Drivers/STM32H7xx_HAL_Driver/Src/stm32h7xx_hal_rcc.o
 .debug_rnglists
                0x00000900       0xc0 ./Drivers/STM32H7xx_HAL_Driver/Src/stm32h7xx_hal_rcc_ex.o
 .debug_rnglists
                0x000009c0      0x148 ./Drivers/STM32H7xx_HAL_Driver/Src/stm32h7xx_hal_spi.o

.debug_macro    0x00000000     0x3097
 .debug_macro   0x00000000      0x371 ./Core/Src/driver_files/ADC_driver.o
 .debug_macro   0x00000371      0x389 ./Core/Src/driver_files/comm_driver.o
 .debug_macro   0x000006fa      0x367 ./Core/Src/main.o
 .debug_macro   0x00000a61      0x367 ./Core/Src/stm32h7xx_hal_msp.o
 .debug_macro   0x00000dc8      0x371 ./Core/Src/stm32h7xx_it.o
 .debug_macro   0x00001139      0x2bd ./Core/Src/system_stm32h7xx.o
 .debug_macro   0x000013f6      0x2e7 ./Drivers/STM32H7xx_HAL_Driver/Src/stm32h7xx_hal.o
 .debug_macro   0x000016dd      0x2e8 ./Drivers/STM32H7xx_HAL_Driver/Src/stm32h7xx_hal_adc.o
 .debug_macro   0x000019c5      0x2c9 ./Drivers/STM32H7xx_HAL_Driver/Src/stm32h7xx_hal_adc_ex.o
 .debug_macro   0x00001c8e      0x2bd ./Drivers/STM32H7xx_HAL_Driver/Src/stm32h7xx_hal_cortex.o
 .debug_macro   0x00001f4b      0x311 ./Drivers/STM32H7xx_HAL_Driver/Src/stm32h7xx_hal_dma.o
 .debug_macro   0x0000225c      0x2c4 ./Drivers/STM32H7xx_HAL_Driver/Src/stm32h7xx_hal_gpio.o
 .debug_macro   0x00002520      0x2f6 ./Drivers/STM32H7xx_HAL_Driver/Src/stm32h7xx_hal_pwr_ex.o
 .debug_macro   0x00002816      0x2e1 ./Drivers/STM32H7xx_HAL_Driver/Src/stm32h7xx_hal_rcc.o
 .debug_macro   0x00002af7      0x2db ./Drivers/STM32H7xx_HAL_Driver/Src/stm32h7xx_hal_rcc_ex.o
 .debug_macro   0x00002dd2      0x2c5 ./Drivers/STM32H7xx_HAL_Driver/Src/stm32h7xx_hal_spi.o

.debug_line     0x00000000    0x1486c
 .debug_line    0x00000000      0xb4e ./Core/Src/driver_files/ADC_driver.o
 .debug_line    0x00000b4e      0xc41 ./Core/Src/driver_files/comm_driver.o
 .debug_line    0x0000178f      0xcec ./Core/Src/main.o
 .debug_line    0x0000247b      0xbae ./Core/Src/stm32h7xx_hal_msp.o
 .debug_line    0x00003029      0xb73 ./Core/Src/stm32h7xx_it.o
 .debug_line    0x00003b9c      0xaa9 ./Core/Src/system_stm32h7xx.o
 .debug_line    0x00004645       0x7a ./Core/Startup/startup_stm32h723vgtx.o
 .debug_line    0x000046bf      0xf3a ./Drivers/STM32H7xx_HAL_Driver/Src/stm32h7xx_hal.o
 .debug_line    0x000055f9     0x27f5 ./Drivers/STM32H7xx_HAL_Driver/Src/stm32h7xx_hal_adc.o
 .debug_line    0x00007dee     0x22cb ./Drivers/STM32H7xx_HAL_Driver/Src/stm32h7xx_hal_adc_ex.o
 .debug_line    0x0000a0b9      0xed8 ./Drivers/STM32H7xx_HAL_Driver/Src/stm32h7xx_hal_cortex.o
 .debug_line    0x0000af91     0x280f ./Drivers/STM32H7xx_HAL_Driver/Src/stm32h7xx_hal_dma.o
 .debug_line    0x0000d7a0      0xd6d ./Drivers/STM32H7xx_HAL_Driver/Src/stm32h7xx_hal_gpio.o
 .debug_line    0x0000e50d      0xf27 ./Drivers/STM32H7xx_HAL_Driver/Src/stm32h7xx_hal_pwr_ex.o
 .debug_line    0x0000f434     0x13d0 ./Drivers/STM32H7xx_HAL_Driver/Src/stm32h7xx_hal_rcc.o
 .debug_line    0x00010804     0x1c9f ./Drivers/STM32H7xx_HAL_Driver/Src/stm32h7xx_hal_rcc_ex.o
 .debug_line    0x000124a3     0x23c9 ./Drivers/STM32H7xx_HAL_Driver/Src/stm32h7xx_hal_spi.o

.debug_str      0x00000000   0x152956
 .debug_str     0x00000000   0x14d2cc ./Core/Src/driver_files/ADC_driver.o
                             0x14da2c (size before relaxing)
 .debug_str     0x0014d2cc      0x500 ./Core/Src/driver_files/comm_driver.o
                             0x14d9f9 (size before relaxing)
 .debug_str     0x0014d7cc      0xd90 ./Core/Src/main.o
                             0x14eb33 (size before relaxing)
 .debug_str     0x0014e55c      0x3ba ./Core/Src/stm32h7xx_hal_msp.o
                             0x14e979 (size before relaxing)
 .debug_str     0x0014e916      0x142 ./Core/Src/stm32h7xx_it.o
                             0x14dc04 (size before relaxing)
 .debug_str     0x0014ea58      0x1a1 ./Core/Src/system_stm32h7xx.o
                             0x14d462 (size before relaxing)
 .debug_str     0x0014ebf9       0x44 ./Core/Startup/startup_stm32h723vgtx.o
                                 0x6d (size before relaxing)
 .debug_str     0x0014ec3d      0x9ae ./Drivers/STM32H7xx_HAL_Driver/Src/stm32h7xx_hal.o
                             0x14e4ec (size before relaxing)
 .debug_str     0x0014f5eb      0xc83 ./Drivers/STM32H7xx_HAL_Driver/Src/stm32h7xx_hal_adc.o
                             0x14e4f3 (size before relaxing)
 .debug_str     0x0015026e      0x7d8 ./Drivers/STM32H7xx_HAL_Driver/Src/stm32h7xx_hal_adc_ex.o
                             0x14e413 (size before relaxing)
 .debug_str     0x00150a46      0x29e ./Drivers/STM32H7xx_HAL_Driver/Src/stm32h7xx_hal_cortex.o
                             0x14de06 (size before relaxing)
 .debug_str     0x00150ce4      0x891 ./Drivers/STM32H7xx_HAL_Driver/Src/stm32h7xx_hal_dma.o
                             0x14dc17 (size before relaxing)
 .debug_str     0x00151575       0xf1 ./Drivers/STM32H7xx_HAL_Driver/Src/stm32h7xx_hal_gpio.o
                             0x14d4ad (size before relaxing)
 .debug_str     0x00151666      0x5d0 ./Drivers/STM32H7xx_HAL_Driver/Src/stm32h7xx_hal_pwr_ex.o
                             0x14d8b5 (size before relaxing)
 .debug_str     0x00151c36      0x21a ./Drivers/STM32H7xx_HAL_Driver/Src/stm32h7xx_hal_rcc.o
                             0x14d830 (size before relaxing)
 .debug_str     0x00151e50      0x630 ./Drivers/STM32H7xx_HAL_Driver/Src/stm32h7xx_hal_rcc_ex.o
                             0x14dd48 (size before relaxing)
 .debug_str     0x00152480      0x4d6 ./Drivers/STM32H7xx_HAL_Driver/Src/stm32h7xx_hal_spi.o
                             0x14dbb3 (size before relaxing)

.comment        0x00000000       0x43
 .comment       0x00000000       0x43 ./Core/Src/driver_files/ADC_driver.o
                                 0x44 (size before relaxing)
 .comment       0x00000043       0x44 ./Core/Src/driver_files/comm_driver.o
 .comment       0x00000043       0x44 ./Core/Src/main.o
 .comment       0x00000043       0x44 ./Core/Src/stm32h7xx_hal_msp.o
 .comment       0x00000043       0x44 ./Core/Src/stm32h7xx_it.o
 .comment       0x00000043       0x44 ./Core/Src/system_stm32h7xx.o
 .comment       0x00000043       0x44 ./Drivers/STM32H7xx_HAL_Driver/Src/stm32h7xx_hal.o
 .comment       0x00000043       0x44 ./Drivers/STM32H7xx_HAL_Driver/Src/stm32h7xx_hal_adc.o
 .comment       0x00000043       0x44 ./Drivers/STM32H7xx_HAL_Driver/Src/stm32h7xx_hal_adc_ex.o
 .comment       0x00000043       0x44 ./Drivers/STM32H7xx_HAL_Driver/Src/stm32h7xx_hal_cortex.o
 .comment       0x00000043       0x44 ./Drivers/STM32H7xx_HAL_Driver/Src/stm32h7xx_hal_dma.o
 .comment       0x00000043       0x44 ./Drivers/STM32H7xx_HAL_Driver/Src/stm32h7xx_hal_gpio.o
 .comment       0x00000043       0x44 ./Drivers/STM32H7xx_HAL_Driver/Src/stm32h7xx_hal_pwr_ex.o
 .comment       0x00000043       0x44 ./Drivers/STM32H7xx_HAL_Driver/Src/stm32h7xx_hal_rcc.o
 .comment       0x00000043       0x44 ./Drivers/STM32H7xx_HAL_Driver/Src/stm32h7xx_hal_rcc_ex.o
 .comment       0x00000043       0x44 ./Drivers/STM32H7xx_HAL_Driver/Src/stm32h7xx_hal_spi.o

.debug_frame    0x00000000     0x3d14
 .debug_frame   0x00000000       0x78 ./Core/Src/driver_files/ADC_driver.o
 .debug_frame   0x00000078       0xfc ./Core/Src/driver_files/comm_driver.o
 .debug_frame   0x00000174      0x114 ./Core/Src/main.o
 .debug_frame   0x00000288       0xd0 ./Core/Src/stm32h7xx_hal_msp.o
 .debug_frame   0x00000358      0x174 ./Core/Src/stm32h7xx_it.o
 .debug_frame   0x000004cc       0x58 ./Core/Src/system_stm32h7xx.o
 .debug_frame   0x00000524      0x760 ./Drivers/STM32H7xx_HAL_Driver/Src/stm32h7xx_hal.o
 .debug_frame   0x00000c84      0xb40 ./Drivers/STM32H7xx_HAL_Driver/Src/stm32h7xx_hal_adc.o
 .debug_frame   0x000017c4      0x904 ./Drivers/STM32H7xx_HAL_Driver/Src/stm32h7xx_hal_adc_ex.o
 .debug_frame   0x000020c8      0x508 ./Drivers/STM32H7xx_HAL_Driver/Src/stm32h7xx_hal_cortex.o
 .debug_frame   0x000025d0      0x2b4 ./Drivers/STM32H7xx_HAL_Driver/Src/stm32h7xx_hal_dma.o
 .debug_frame   0x00002884      0x14c ./Drivers/STM32H7xx_HAL_Driver/Src/stm32h7xx_hal_gpio.o
 .debug_frame   0x000029d0      0x540 ./Drivers/STM32H7xx_HAL_Driver/Src/stm32h7xx_hal_pwr_ex.o
 .debug_frame   0x00002f10      0x1fc ./Drivers/STM32H7xx_HAL_Driver/Src/stm32h7xx_hal_rcc.o
 .debug_frame   0x0000310c      0x414 ./Drivers/STM32H7xx_HAL_Driver/Src/stm32h7xx_hal_rcc_ex.o
 .debug_frame   0x00003520      0x7a8 ./Drivers/STM32H7xx_HAL_Driver/Src/stm32h7xx_hal_spi.o
 .debug_frame   0x00003cc8       0x20 C:/ST/STM32CubeIDE_1.16.1/STM32CubeIDE/plugins/com.st.stm32cube.ide.mcu.externaltools.gnu-tools-for-stm32.12.3.rel1.win32_1.0.200.202406191623/tools/bin/../lib/gcc/arm-none-eabi/12.3.1/../../../../arm-none-eabi/lib/thumb/v7e-m+dp/hard\libc_nano.a(libc_a-memset.o)
 .debug_frame   0x00003ce8       0x2c C:/ST/STM32CubeIDE_1.16.1/STM32CubeIDE/plugins/com.st.stm32cube.ide.mcu.externaltools.gnu-tools-for-stm32.12.3.rel1.win32_1.0.200.202406191623/tools/bin/../lib/gcc/arm-none-eabi/12.3.1/../../../../arm-none-eabi/lib/thumb/v7e-m+dp/hard\libc_nano.a(libc_a-init.o)

.debug_line_str
                0x00000000       0x51
 .debug_line_str
                0x00000000       0x51 ./Core/Startup/startup_stm32h723vgtx.o
