../Core/Src/main.c:80:5:main	8	static,ignoring_inline_asm
../Core/Src/main.c:142:6:SystemClock_Config	120	static
../Core/Src/main.c:202:13:MX_ADC1_Init	56	static
../Core/Src/main.c:316:13:MX_SPI1_Init	8	static
../Core/Src/main.c:364:13:MX_TIM3_Init	40	static
../Core/Src/main.c:412:13:MX_TIM4_Init	40	static
../Core/Src/main.c:460:13:MX_TIM6_Init	24	static
../Core/Src/main.c:496:13:MX_DMA_Init	16	static
../Core/Src/main.c:517:13:MX_GPIO_Init	48	static
../Core/Src/main.c:550:6:MPU_Config	24	static
../Core/Src/main.c:581:6:Error_Handler	4	static,ignoring_inline_asm
