../Core/Src/main.c:82:5:main	8	static
../Core/Src/main.c:142:6:SystemClock_Config	120	static
../Core/Src/main.c:202:13:MX_ADC1_Init	56	static
../Core/Src/main.c:271:13:MX_SPI1_Init	8	static
../Core/Src/main.c:319:13:MX_TIM3_Init	40	static
../Core/Src/main.c:367:13:MX_TIM4_Init	40	static
../Core/Src/main.c:415:13:MX_TIM6_Init	24	static
../Core/Src/main.c:453:13:MX_TIM7_Init	24	static
../Core/Src/main.c:489:13:MX_DMA_Init	16	static
../Core/Src/main.c:510:13:MX_GPIO_Init	56	static
../Core/Src/main.c:544:6:MPU_Config	24	static
../Core/Src/main.c:575:6:Error_Handler	4	static,ignoring_inline_asm
