../Core/Src/driver_files/comm_driver.c:43:6:SPI_CS_Enable	8	static
../Core/Src/driver_files/comm_driver.c:47:6:SPI_CS_Disable	8	static
../Core/Src/driver_files/comm_driver.c:53:19:Transmit_SensorVals	16	static,ignoring_inline_asm
../Core/Src/driver_files/comm_driver.c:68:19:Transmit_ErrorCode	16	static,ignoring_inline_asm
../Core/Src/driver_files/comm_driver.c:83:19:Process_SPI_Queue	16	static
../Core/Src/driver_files/comm_driver.c:121:6:HAL_SPI_TxCpltCallback	16	static
../Core/Src/driver_files/comm_driver.c:130:6:HAL_SPI_ErrorCallback	16	static
../Core/Src/driver_files/comm_driver.c:140:9:GetDriverProfile	24	static
../Core/Src/driver_files/comm_driver.c:149:6:Poll_TillRpiStarts	24	static
