../Core/Src/driver_files/comm_driver.c:44:6:SPI_CS_Enable	8	static
../Core/Src/driver_files/comm_driver.c:48:6:SPI_CS_Disable	8	static
../Core/Src/driver_files/comm_driver.c:54:19:Transmit_SensorVals	16	static,ignoring_inline_asm
../Core/Src/driver_files/comm_driver.c:69:19:Transmit_ErrorCode	16	static,ignoring_inline_asm
../Core/Src/driver_files/comm_driver.c:84:19:Process_SPI_Queue	16	static
../Core/Src/driver_files/comm_driver.c:122:6:HAL_SPI_TxCpltCallback	16	static
../Core/Src/driver_files/comm_driver.c:131:6:HAL_SPI_ErrorCallback	16	static
